// Jest Snapshot v1, https://goo.gl/fbAQLP

exports[`GenshinRichtext test 1`] = `
<div>
  「
  <span
    style="color: rgba(204, 144, 70, 1);"
  >
    陵薮
  </span>
  市朝」活动祈愿已开启。活动期间内，
  <span
    style="color: rgb(201, 63, 35);"
  >
    限定
  </span>
  5星角色
  <span
    style="color: rgb(222, 189, 108);"
  >
    「尘世闲游·钟离(岩)」
  </span>
  以及4星角色
  <span
    style="color: rgb(0, 191, 255);"
  >
    「少年春衫薄·行秋(水)」
  </span>
  、
  <span
    style="color: rgb(148, 93, 196);"
  >
    「无冕的龙王·北斗(雷)」
  </span>
  、
  <span
    style="color: rgb(236, 73, 35);"
  >
    「智明无邪·烟绯(火)」
  </span>
  的祈愿获取概率将
  <span
    style="color: rgb(201, 63, 35);"
  >
    大幅提升
  </span>
  ！
  <p />
  
  
  <span
    style="color: rgb(201, 63, 35);"
  >
    ※以上角色中，限定角色不会进入「奔行世间」常驻祈愿。 
  </span>
  <p />
  
  
  <br />
  
  ※一般情况下所有角色或武器均适用基础概率，如触发概率UP、保底等以具体规则为准。 
  <p />
  
  
  <br />
  
  〓祈愿规则〓
  <p />
  
  【5星物品】
  <p />
  
  在本期「
  <span
    style="color: rgba(204, 144, 70, 1);"
  >
    陵薮
  </span>
  市朝」活动祈愿中，5星角色祈愿的基础概率为
  <span
    style="color: rgb(201, 63, 35);"
  >
    0.600%
  </span>
  ，综合概率（含保底）为
  <span
    style="color: rgb(201, 63, 35);"
  >
    1.600%
  </span>
  ，最多
  <span
    style="color: rgb(201, 63, 35);"
  >
    90
  </span>
  次祈愿必定能通过保底获取5星角色。
  <p />
  
  当祈愿获取到5星角色时，有
  <span
    style="color: rgb(201, 63, 35);"
  >
    50.000%
  </span>
  的概率为本期5星UP角色
  <span
    style="color: rgb(222, 189, 108);"
  >
    「尘世闲游·钟离(岩)」
  </span>
  。如果本次祈愿获取的5星角色非本期5星UP角色，下次祈愿获取的5星角色
  <span
    style="color: rgb(201, 63, 35);"
  >
    必定
  </span>
  为本期5星UP角色。
  <p />
  
  【4星物品】
  <p />
  
  在本期「
  <span
    style="color: rgba(204, 144, 70, 1);"
  >
    陵薮
  </span>
  市朝」活动祈愿中，4星物品祈愿的基础概率为
  <span
    style="color: rgb(201, 63, 35);"
  >
    5.100%
  </span>
  ，4星角色祈愿的基础概率为
  <span
    style="color: rgb(201, 63, 35);"
  >
    2.550%
  </span>
  ，4星武器祈愿的基础概率为
  <span
    style="color: rgb(201, 63, 35);"
  >
    2.550%
  </span>
  ，4星物品祈愿的综合概率（含保底）为
  <span
    style="color: rgb(201, 63, 35);"
  >
    13.000%
  </span>
  。最多
  <span
    style="color: rgb(201, 63, 35);"
  >
    10
  </span>
  次祈愿必定能通过保底获取4星或以上物品，通过保底获取4星物品的概率为
  <span
    style="color: rgb(201, 63, 35);"
  >
    99.400%
  </span>
  ，获取5星物品的概率为
  <span
    style="color: rgb(201, 63, 35);"
  >
    0.600%
  </span>
  。
  <p />
  
  当祈愿获取到4星物品时，有
  <span
    style="color: rgb(201, 63, 35);"
  >
    50.000%
  </span>
  的概率为本期4星UP角色
  <span
    style="color: rgb(0, 191, 255);"
  >
    「少年春衫薄·行秋(水)」
  </span>
  、
  <span
    style="color: rgb(148, 93, 196);"
  >
    「无冕的龙王·北斗(雷)」
  </span>
  、
  <span
    style="color: rgb(236, 73, 35);"
  >
    「智明无邪·烟绯(火)」
  </span>
  中的一个。如果本次祈愿获取的4星物品非本期4星UP角色，下次祈愿获取的4星物品
  <span
    style="color: rgb(201, 63, 35);"
  >
    必定
  </span>
  为本期4星UP角色。当祈愿获取到4星UP物品时，每个本期4星UP角色的获取概率均等。
  <p />
  
  
  <br />
  
  获得4星武器时，会同时获得2个
  <span
    style="color: rgb(189, 105, 50);"
  >
    无主的星辉
  </span>
  作为副产物；获得3星武器时，会同时获得15个
  <span
    style="color: rgb(162, 86, 225);"
  >
    无主的星尘
  </span>
  作为副产物。
  <p />
  
  
  <br />
  
  〓若获得重复角色〓
  <p />
  
  无论通过何种方式（包含但不限于祈愿、商城兑换、系统赠送等）第2~7次获得相同5星角色时，每次将转化为1个
  <span
    style="color: rgb(162, 86, 225);"
  >
    对应角色的命星
  </span>
  和10个
  <span
    style="color: rgb(189, 105, 50);"
  >
    无主的星辉
  </span>
  ；第8次及之后获得，将仅转化为25个
  <span
    style="color: rgb(189, 105, 50);"
  >
    无主的星辉
  </span>
  。
  <p />
  
  无论通过何种方式（包含但不限于祈愿、商城兑换、系统赠送等）第2~7次获得相同4星角色时，每次将转化为1个
  <span
    style="color: rgb(162, 86, 225);"
  >
    对应角色的命星
  </span>
  和2个
  <span
    style="color: rgb(189, 105, 50);"
  >
    无主的星辉
  </span>
  ；第8次及之后获得，将仅转化为5个
  <span
    style="color: rgb(189, 105, 50);"
  >
    无主的星辉
  </span>
  。
  <p />
  
  
  <br />
  
  ※本祈愿属于「角色活动祈愿」，「角色活动祈愿」和「角色活动祈愿-2」的祈愿次数保底完全共享，会一直共同累计在「角色活动祈愿」和「角色活动祈愿-2」中，与其他祈愿的祈愿次数保底相互独立计算，互不影响。
  <p />
</div>
`;
